[skydaygames.github.io/skygame.github.io/index.html]
[backblue.gif]
[fade.gif]
[index.html]
[cdn.akamai.steamstatic.com/steam/apps/1749400/ss_08867c4aaa8fb45d26dfa86842e2d3bfbbcbaee5.1920x1080ae5a.jpg]
[skydaygames.github.io/skygame.github.io/rawline.css]
[skydaygames.github.io/skygame.github.io/css2]
[skydaygames.github.io/skygame.github.io/css2(1)]
[skydaygames.github.io/skygame.github.io/all.min.css]
[skydaygames.github.io/skygame.github.io/reset.html]
[skydaygames.github.io/skygame.github.io/index.css]
[skydaygames.github.io/skygame.github.io/';]
[skydaygames.github.io/skygame.github.io/'https_/cdn.akamai.steamstatic.com/steam/apps/1749400/ss_ba169a2288cd48d1ede8b8da4aab3b57064505fc.1920x10803b4e.jpg]
[skydaygames.github.io/skygame.github.io/index.html]
[cdn.akamai.steamstatic.com/steam/apps/1749400/ss_e6b0f75a76c2b61e944b6294b36fddcf231b02df.1920x1080e900.jpg]
[skydaygames.github.io/skygame.github.io/rawline.css]
[skydaygames.github.io/skygame.github.io/all.min.css]
[skydaygames.github.io/error_docs/styles.css]
[skydaygames.github.io/skygame.github.io/reset.html]
[skydaygames.github.io/skygame.github.io/asd asd]
[skydaygames.github.io/s.cdpn.io/1231630/clouds_repeat.png]
[skydaygames.github.io/skygame.github.io/index.css]
[skydaygames.github.io/skygame.github.io/';.html]
[skydaygames.github.io/skygame.github.io/'https_/cdn.akamai.steamstatic.com/steam/apps/1749400/ss_ba169a2288cd48d1ede8b8da4aab3b57064505fc.1920x10803b4e.html]
[skydaygames.github.io/error_docs/styles.html]
[skydaygames.github.io/skygame.github.io/asd asd.html]
[skydaygames.github.io/s.cdpn.io/1231630/clouds_repeat.html]
